label: gpt
label-id: 5D858EF1-F89A-43A3-8533-F52A59DB79B3
device: /dev/mmcblk0
unit: sectors
first-lba: 34
last-lba: 122138590
sector-size: 512

/dev/mmcblk0p1 : start=     1486848, size=    50176000, type=0FC63DAF-8483-4772-8E79-3D69D8477DE4, uuid=A3B5FF4F-FC28-45A7-AF93-54CE80F337EF, name="APP"
/dev/mmcblk0p2 : start=        2048, size=      131072, type=0FC63DAF-8483-4772-8E79-3D69D8477DE4, uuid=CF3109E7-0D3B-4FA2-91F7-0325D7D12836, name="kernel"
/dev/mmcblk0p3 : start=      133120, size=         896, type=0FC63DAF-8483-4772-8E79-3D69D8477DE4, uuid=2234E16C-5C28-4157-AA8B-CF3B901FF6CE, name="kernel-dtb"
/dev/mmcblk0p4 : start=      135168, size=       66648, type=0FC63DAF-8483-4772-8E79-3D69D8477DE4, uuid=BFAA75CA-5925-48C7-B76F-A997809E8E94, name="reserved_for_chain_A_user"
/dev/mmcblk0p5 : start=      202752, size=        5120, type=0FC63DAF-8483-4772-8E79-3D69D8477DE4, uuid=232EC319-A7A2-4E33-84DB-71B30EF21277, name="secure-os_b"
/dev/mmcblk0p6 : start=      208896, size=         128, type=0FC63DAF-8483-4772-8E79-3D69D8477DE4, uuid=B150F3D7-229D-4D8C-B023-9C5535A091A1, name="eks_b"
/dev/mmcblk0p7 : start=      210944, size=        2048, type=0FC63DAF-8483-4772-8E79-3D69D8477DE4, uuid=1A68E725-39EE-479D-9DD0-FD376AB99D97, name="adsp-fw_b"
/dev/mmcblk0p8 : start=      212992, size=        2048, type=0FC63DAF-8483-4772-8E79-3D69D8477DE4, uuid=4E9710D1-CC78-4459-AE82-37BB86E12979, name="rce-fw_b"
/dev/mmcblk0p9 : start=      215040, size=        2048, type=0FC63DAF-8483-4772-8E79-3D69D8477DE4, uuid=7144F4BA-58B0-4885-BBAE-4E09DB5F26DE, name="sce-fw_b"
/dev/mmcblk0p10 : start=      217088, size=        3072, type=0FC63DAF-8483-4772-8E79-3D69D8477DE4, uuid=0BEE9FBC-9AA6-486D-A504-255DD964E5C0, name="bpmp-fw_b"
/dev/mmcblk0p11 : start=      221184, size=        2048, type=0FC63DAF-8483-4772-8E79-3D69D8477DE4, uuid=EBA67402-81A9-42F7-9AE7-8596A45BA8F5, name="bpmp-fw-dtb_b"
/dev/mmcblk0p12 : start=      223232, size=      131072, type=0FC63DAF-8483-4772-8E79-3D69D8477DE4, uuid=CAAD563F-993E-47AC-ADFE-9B991B076547, name="kernel_b"
/dev/mmcblk0p13 : start=      354304, size=         896, type=0FC63DAF-8483-4772-8E79-3D69D8477DE4, uuid=F88EB2BC-E9A0-4006-A81D-3B8462D60AF9, name="kernel-dtb_b"
/dev/mmcblk0p14 : start=      356352, size=       66560, type=0FC63DAF-8483-4772-8E79-3D69D8477DE4, uuid=E0CA6222-C9C0-4798-BF8A-D27D3AB5795F, name="reserved_for_chain_B_user"
/dev/mmcblk0p15 : start=      423936, size=      163840, type=0FC63DAF-8483-4772-8E79-3D69D8477DE4, uuid=5B022ED2-BBDF-4973-8B61-5AED678CE4AC, name="recovery"
/dev/mmcblk0p16 : start=      587776, size=        1024, type=0FC63DAF-8483-4772-8E79-3D69D8477DE4, uuid=405DEC35-F916-42E7-85AA-5F6022A3B412, name="recovery-dtb"
/dev/mmcblk0p17 : start=      589824, size=      204800, type=0FC63DAF-8483-4772-8E79-3D69D8477DE4, uuid=99C76287-AC26-4718-B2A8-AE7B0C7AAF6A, name="RECROOTFS"
/dev/mmcblk0p18 : start=      794624, size=      131072, type=C12A7328-F81F-11D2-BA4B-00A0C93EC93B, uuid=088CAB36-8520-4A3F-970E-FAE999D8F807, name="esp"
/dev/mmcblk0p19 : start=      925696, size=      163840, type=0FC63DAF-8483-4772-8E79-3D69D8477DE4, uuid=942FACD3-9676-438E-93A5-B7A24DCBE8F8, name="recovery_alt"
/dev/mmcblk0p20 : start=     1089536, size=        1024, type=0FC63DAF-8483-4772-8E79-3D69D8477DE4, uuid=FEADA548-E9DE-4EBE-A369-40604306EE25, name="recovery-dtb_alt"
/dev/mmcblk0p21 : start=     1091584, size=      131072, type=0FC63DAF-8483-4772-8E79-3D69D8477DE4, uuid=D23183A2-362D-4F10-A217-A95C0109A2C5, name="esp_alt"
/dev/mmcblk0p22 : start=     1222656, size=      262144, type=0FC63DAF-8483-4772-8E79-3D69D8477DE4, uuid=EC60465C-DD92-44C2-87C0-1992F31A2EF3, name="UDA"
